---
source: crates/parse/src/mcf/lexer.rs
expression: "format_sk_list(super::tokenize_str(r#\"execute as @e[tag=\"foo\",type=minecraft:pig,nbt={a:123b,c:hello,d:[B;1,2,3]}] run say hi\"#),\n               r#\"execute as @e[tag=\"foo\",type=minecraft:pig,nbt={a:123b,c:hello,d:[B;1,2,3]}] run say hi\"#)"
---
Word `execute` at 0:0 - 0:7
Whitespace ` ` at 0:7 - 0:8
Word `as` at 0:8 - 0:10
Whitespace ` ` at 0:10 - 0:11
At `@` at 0:11 - 0:12
Word `e` at 0:12 - 0:13
LBracket `[` at 0:13 - 0:14
Word `tag` at 0:14 - 0:17
Eq `=` at 0:17 - 0:18
QuotedString `"foo"` at 0:18 - 0:23
Comma `,` at 0:23 - 0:24
Word `type` at 0:24 - 0:28
Eq `=` at 0:28 - 0:29
Word `minecraft` at 0:29 - 0:38
Colon `:` at 0:38 - 0:39
Word `pig` at 0:39 - 0:42
Comma `,` at 0:42 - 0:43
Word `nbt` at 0:43 - 0:46
Eq `=` at 0:46 - 0:47
LCurly `{` at 0:47 - 0:48
Word `a` at 0:48 - 0:49
Colon `:` at 0:49 - 0:50
Digits `123` at 0:50 - 0:53
Word `b` at 0:53 - 0:54
Comma `,` at 0:54 - 0:55
Word `c` at 0:55 - 0:56
Colon `:` at 0:56 - 0:57
Word `hello` at 0:57 - 0:62
Comma `,` at 0:62 - 0:63
Word `d` at 0:63 - 0:64
Colon `:` at 0:64 - 0:65
LBracket `[` at 0:65 - 0:66
Word `B` at 0:66 - 0:67
Semicolon `;` at 0:67 - 0:68
Digits `1` at 0:68 - 0:69
Comma `,` at 0:69 - 0:70
Digits `2` at 0:70 - 0:71
Comma `,` at 0:71 - 0:72
Digits `3` at 0:72 - 0:73
RBracket `]` at 0:73 - 0:74
RCurly `}` at 0:74 - 0:75
RBracket `]` at 0:75 - 0:76
Whitespace ` ` at 0:76 - 0:77
Word `run` at 0:77 - 0:80
Whitespace ` ` at 0:80 - 0:81
Word `say` at 0:81 - 0:84
Whitespace ` ` at 0:84 - 0:85
Word `hi` at 0:85 - 0:87
Eof `` at 0:87 - 0:87

