---
source: crates/parse/src/mcf/lexer.rs
expression: "format_sk_list(super::tokenize_str(\"identifier 1023:7\"), \"identifier 1023:7\")"
---
Word `identifier` at 0:0 - 0:10
Whitespace ` ` at 0:10 - 0:11
Digits `1023` at 0:11 - 0:15
Colon `:` at 0:15 - 0:16
Digits `7` at 0:16 - 0:17
Eof `` at 0:17 - 0:17

