---
source: crates/mcf/src/syntax/grammar/nbt.rs
expression: "parse_path(\"path.to.field\")"
---
Group(NbtPath) at 0:0 - 0:13 {
    Group(NbtPathSegment) at 0:0 - 0:4 {
        Token(Word) `path` at 0:0 - 0:4
    }
    Group(NbtPathSegment) at 0:4 - 0:7 {
        Token(Dot) `.` at 0:4 - 0:5
        Token(Word) `to` at 0:5 - 0:7
    }
    Group(NbtPathSegment) at 0:7 - 0:13 {
        Token(Dot) `.` at 0:7 - 0:8
        Token(Word) `field` at 0:8 - 0:13
    }
}

