---
source: crates/mcf/src/syntax/grammar/nbt.rs
expression: "parse_path(\"[0]\")"
---
Root(File)
Group(NbtPath) at 0:0 - 0:3 {
    Group(NbtPathSegment) at 0:0 - 0:3 {
        Group(NbtPathIndex) at 0:0 - 0:3 {
            Token(LBracket) `[` at 0:0 - 0:1
            Joined(Integer) `0` at 0:1 - 0:2
            Token(RBracket) `]` at 0:2 - 0:3
        }
    }
    Group(NbtPathSegment) at 0:3 - 0:3 {
        Error `Error while parsing 'NbtPathSegment'` at 0:3 - 0:3
    }
}

