---
source: crates/parse/src/lexer.rs
expression: "format_sk_list(tokenize_str(\"{.\\\"hello\\\" \\n ident}\"))"
---
LCurly `{` at 0:0 - 0:1
Dot `.` at 0:1 - 0:2
QuotedString `"hello"` at 0:2 - 0:9
Whitespace ` ` at 0:9 - 0:10
LineBreak `\n` at 0:10 - 1:0
Whitespace ` ` at 1:0 - 1:1
Word `ident` at 1:1 - 1:6
RCurly `}` at 1:6 - 1:7
Eof `` at 1:7 - 1:7

