---
source: crates/parse/src/grammar/nbt.rs
expression: "parse_path(\"foo[0].bar.baz[1]\")"
---
Group(NbtPath) at 0:0 - 0:17 {
    Group(NbtPathSegment) at 0:0 - 0:3 {
        Token(Word) `foo` at 0:0 - 0:3
    }
    Group(NbtPathSegment) at 0:3 - 0:6 {
        Group(NbtPathIndex) at 0:3 - 0:6 {
            Token(LBracket) `[` at 0:3 - 0:4
            Joined(Integer) `0` at 0:4 - 0:5
            Token(RBracket) `]` at 0:5 - 0:6
        }
    }
    Group(NbtPathSegment) at 0:6 - 0:10 {
        Token(Dot) `.` at 0:6 - 0:7
        Token(Word) `bar` at 0:7 - 0:10
    }
    Group(NbtPathSegment) at 0:10 - 0:14 {
        Token(Dot) `.` at 0:10 - 0:11
        Token(Word) `baz` at 0:11 - 0:14
    }
    Group(NbtPathSegment) at 0:14 - 0:17 {
        Group(NbtPathIndex) at 0:14 - 0:17 {
            Token(LBracket) `[` at 0:14 - 0:15
            Joined(Integer) `1` at 0:15 - 0:16
            Token(RBracket) `]` at 0:16 - 0:17
        }
    }
}

