---
source: crates/parse/src/grammar/nbt.rs
expression: "parse_nbt(\"{foo:123}\")"
---
Group(NbtCompound) at 0:0 - 0:9 {
    Token(LCurly) `{` at 0:0 - 0:1
    Group(NbtCompoundEntry) at 0:1 - 0:8 {
        Joined(UnquotedString) `foo` at 0:1 - 0:4
        Token(Colon) `:` at 0:4 - 0:5
        Group(NbtNumber) at 0:5 - 0:8 {
            Joined(Float) `123` at 0:5 - 0:8
        }
    }
    Token(RCurly) `}` at 0:8 - 0:9
}

